24.126.8.242 - - [26/Nov/2023:03:01:36 +0000] "GET /home HTTP/1.0" 301 313 "https://www.admin.node16.xyz/develop/" "Mozilla/5.0 (Windows NT 10.0; Win64; x64) AppleWebKit/537.36 (KHTML, like Gecko) Chrome/119.0.0.0 Safari/537.36"
24.126.8.242 - - [26/Nov/2023:03:01:36 +0000] "GET /home/ HTTP/1.0" 200 243891 "https://www.admin.node16.xyz/develop/" "Mozilla/5.0 (Windows NT 10.0; Win64; x64) AppleWebKit/537.36 (KHTML, like Gecko) Chrome/119.0.0.0 Safari/537.36"
24.126.8.242 - - [26/Nov/2023:03:02:01 +0000] "GET /js/hsts.js?v=3 HTTP/1.0" 404 - "https://www.admin.node16.xyz/" "Mozilla/5.0 (Windows NT 10.0; Win64; x64) AppleWebKit/537.36 (KHTML, like Gecko) Chrome/119.0.0.0 Safari/537.36"
24.126.8.242 - - [26/Nov/2023:03:02:00 +0000] "GET /timg/rbx HTTP/1.0" 404 - "https://www.admin.node16.xyz/" "Mozilla/5.0 (Windows NT 10.0; Win64; x64) AppleWebKit/537.36 (KHTML, like Gecko) Chrome/119.0.0.0 Safari/537.36"
24.126.8.242 - - [26/Nov/2023:03:02:04 +0000] "POST /game/report-stats?name=ResourcePerformance_Loaded_funcaptcha_Computer&value=9 HTTP/1.0" 404 - "https://www.admin.node16.xyz/" "Mozilla/5.0 (Windows NT 10.0; Win64; x64) AppleWebKit/537.36 (KHTML, like Gecko) Chrome/119.0.0.0 Safari/537.36"
24.126.8.242 - - [26/Nov/2023:03:02:05 +0000] "GET /login HTTP/1.0" 301 314 "https://www.admin.node16.xyz/" "Mozilla/5.0 (Windows NT 10.0; Win64; x64) AppleWebKit/537.36 (KHTML, like Gecko) Chrome/119.0.0.0 Safari/537.36"
24.126.8.242 - - [26/Nov/2023:03:02:09 +0000] "GET /home/ HTTP/1.0" 200 243891 "https://www.admin.node16.xyz/login/" "Mozilla/5.0 (Windows NT 10.0; Win64; x64) AppleWebKit/537.36 (KHTML, like Gecko) Chrome/119.0.0.0 Safari/537.36"
24.126.8.242 - - [26/Nov/2023:03:02:09 +0000] "GET /home HTTP/1.0" 301 313 "https://www.admin.node16.xyz/login/" "Mozilla/5.0 (Windows NT 10.0; Win64; x64) AppleWebKit/537.36 (KHTML, like Gecko) Chrome/119.0.0.0 Safari/537.36"
24.126.8.242 - - [26/Nov/2023:03:02:08 +0000] "POST /game/report-stats?name=ResourcePerformance_Loaded_funcaptcha_Computer&value=12 HTTP/1.0" 404 - "https://www.admin.node16.xyz/login/" "Mozilla/5.0 (Windows NT 10.0; Win64; x64) AppleWebKit/537.36 (KHTML, like Gecko) Chrome/119.0.0.0 Safari/537.36"
24.126.8.242 - - [26/Nov/2023:03:02:00 +0000] "GET / HTTP/1.0" 200 111672 "https://www.admin.node16.xyz/home/" "Mozilla/5.0 (Windows NT 10.0; Win64; x64) AppleWebKit/537.36 (KHTML, like Gecko) Chrome/119.0.0.0 Safari/537.36"
24.126.8.242 - - [26/Nov/2023:03:02:05 +0000] "GET /login/ HTTP/1.0" 200 114913 "https://www.admin.node16.xyz/" "Mozilla/5.0 (Windows NT 10.0; Win64; x64) AppleWebKit/537.36 (KHTML, like Gecko) Chrome/119.0.0.0 Safari/537.36"
68.183.34.62 - - [26/Nov/2023:03:02:46 +0000] "GET /catalog/ HTTP/1.0" 200 866988 "-" "Mozilla/5.0 (Windows NT 10.0; Win64; x64) AppleWebKit/537.36 (KHTML, like Gecko) Chrome/119.0.0.0 Safari/537.36"
68.183.34.62 - - [26/Nov/2023:03:02:52 +0000] "POST /game/report-stats?name=ResourcePerformance_Loaded_funcaptcha_Computer&value=9 HTTP/1.0" 404 - "https://www.admin.node16.xyz/catalog/" "Mozilla/5.0 (Windows NT 10.0; Win64; x64) AppleWebKit/537.36 (KHTML, like Gecko) Chrome/119.0.0.0 Safari/537.36"
68.183.34.62 - - [26/Nov/2023:03:02:59 +0000] "GET /home HTTP/1.0" 301 313 "https://www.admin.node16.xyz/catalog/" "Mozilla/5.0 (Windows NT 10.0; Win64; x64) AppleWebKit/537.36 (KHTML, like Gecko) Chrome/119.0.0.0 Safari/537.36"
68.183.34.62 - - [26/Nov/2023:03:03:00 +0000] "GET /home/ HTTP/1.0" 200 243891 "https://www.admin.node16.xyz/catalog/" "Mozilla/5.0 (Windows NT 10.0; Win64; x64) AppleWebKit/537.36 (KHTML, like Gecko) Chrome/119.0.0.0 Safari/537.36"
173.238.183.191 - - [26/Nov/2023:03:03:45 +0000] "GET / HTTP/1.0" 200 111672 "-" "Mozilla/5.0 (Windows NT 10.0; Win64; x64) AppleWebKit/537.36 (KHTML, like Gecko) Chrome/119.0.0.0 Safari/537.36"
24.126.8.242 - - [26/Nov/2023:03:03:51 +0000] "GET /catalog HTTP/1.0" 301 316 "https://www.admin.node16.xyz/home/" "Mozilla/5.0 (Windows NT 10.0; Win64; x64) AppleWebKit/537.36 (KHTML, like Gecko) Chrome/119.0.0.0 Safari/537.36"
24.126.8.242 - - [26/Nov/2023:03:03:51 +0000] "GET /catalog/ HTTP/1.0" 200 866988 "https://www.admin.node16.xyz/home/" "Mozilla/5.0 (Windows NT 10.0; Win64; x64) AppleWebKit/537.36 (KHTML, like Gecko) Chrome/119.0.0.0 Safari/537.36"
24.126.8.242 - - [26/Nov/2023:03:03:57 +0000] "POST /game/report-stats?name=ResourcePerformance_Loaded_funcaptcha_Computer&value=23 HTTP/1.0" 404 - "https://www.admin.node16.xyz/catalog/" "Mozilla/5.0 (Windows NT 10.0; Win64; x64) AppleWebKit/537.36 (KHTML, like Gecko) Chrome/119.0.0.0 Safari/537.36"
173.238.183.191 - - [26/Nov/2023:03:04:03 +0000] "GET /js/hsts.js?v=3 HTTP/1.0" 404 - "https://www.admin.node16.xyz/" "Mozilla/5.0 (Windows NT 10.0; Win64; x64) AppleWebKit/537.36 (KHTML, like Gecko) Chrome/119.0.0.0 Safari/537.36"
173.238.183.191 - - [26/Nov/2023:03:04:04 +0000] "GET /timg/rbx HTTP/1.0" 404 - "https://www.admin.node16.xyz/" "Mozilla/5.0 (Windows NT 10.0; Win64; x64) AppleWebKit/537.36 (KHTML, like Gecko) Chrome/119.0.0.0 Safari/537.36"
142.113.200.85 - - [26/Nov/2023:03:04:09 +0000] "GET / HTTP/1.0" 200 111672 "-" "Mozilla/5.0 (Windows NT 10.0; Win64; x64) AppleWebKit/537.36 (KHTML, like Gecko) Chrome/119.0.0.0 Safari/537.36"
142.113.200.85 - - [26/Nov/2023:03:04:10 +0000] "GET /js/hsts.js?v=3 HTTP/1.0" 404 - "https://admin.node16.xyz/" "Mozilla/5.0 (Windows NT 10.0; Win64; x64) AppleWebKit/537.36 (KHTML, like Gecko) Chrome/119.0.0.0 Safari/537.36"
142.113.200.85 - - [26/Nov/2023:03:04:10 +0000] "GET /timg/rbx HTTP/1.0" 404 - "https://admin.node16.xyz/" "Mozilla/5.0 (Windows NT 10.0; Win64; x64) AppleWebKit/537.36 (KHTML, like Gecko) Chrome/119.0.0.0 Safari/537.36"
142.113.200.85 - - [26/Nov/2023:03:04:10 +0000] "POST /game/report-stats?name=ResourcePerformance_Loaded_funcaptcha_Computer&value=3 HTTP/1.0" 404 - "https://admin.node16.xyz/" "Mozilla/5.0 (Windows NT 10.0; Win64; x64) AppleWebKit/537.36 (KHTML, like Gecko) Chrome/119.0.0.0 Safari/537.36"
142.113.200.85 - - [26/Nov/2023:03:04:10 +0000] "GET /favicon.ico HTTP/1.0" 404 - "https://admin.node16.xyz/" "Mozilla/5.0 (Windows NT 10.0; Win64; x64) AppleWebKit/537.36 (KHTML, like Gecko) Chrome/119.0.0.0 Safari/537.36"
173.238.183.191 - - [26/Nov/2023:03:04:07 +0000] "GET /favicon.ico HTTP/1.0" 404 - "https://www.admin.node16.xyz/" "Mozilla/5.0 (Windows NT 10.0; Win64; x64) AppleWebKit/537.36 (KHTML, like Gecko) Chrome/119.0.0.0 Safari/537.36"
142.113.200.85 - - [26/Nov/2023:03:04:18 +0000] "POST /game/report-stats?name=ResourcePerformance_Loaded_funcaptcha_Computer&value=2 HTTP/1.0" 404 - "https://admin.node16.xyz/" "Mozilla/5.0 (Windows NT 10.0; Win64; x64) AppleWebKit/537.36 (KHTML, like Gecko) Chrome/119.0.0.0 Safari/537.36"
142.113.200.85 - - [26/Nov/2023:03:04:19 +0000] "GET / HTTP/1.0" 200 111672 "-" "Mozilla/5.0 (Windows NT 10.0; Win64; x64) AppleWebKit/537.36 (KHTML, like Gecko) Chrome/119.0.0.0 Safari/537.36"
142.113.200.85 - - [26/Nov/2023:03:04:19 +0000] "GET /timg/rbx HTTP/1.0" 404 - "https://admin.node16.xyz/" "Mozilla/5.0 (Windows NT 10.0; Win64; x64) AppleWebKit/537.36 (KHTML, like Gecko) Chrome/119.0.0.0 Safari/537.36"
142.113.200.85 - - [26/Nov/2023:03:04:19 +0000] "GET /js/hsts.js?v=3 HTTP/1.0" 404 - "https://admin.node16.xyz/" "Mozilla/5.0 (Windows NT 10.0; Win64; x64) AppleWebKit/537.36 (KHTML, like Gecko) Chrome/119.0.0.0 Safari/537.36"
142.113.200.85 - - [26/Nov/2023:03:04:19 +0000] "POST /game/report-stats?name=ResourcePerformance_Loaded_funcaptcha_Computer&value=3 HTTP/1.0" 404 - "https://admin.node16.xyz/" "Mozilla/5.0 (Windows NT 10.0; Win64; x64) AppleWebKit/537.36 (KHTML, like Gecko) Chrome/119.0.0.0 Safari/537.36"
142.113.200.85 - - [26/Nov/2023:03:04:19 +0000] "GET / HTTP/1.0" 200 111672 "-" "Mozilla/5.0 (Windows NT 10.0; Win64; x64) AppleWebKit/537.36 (KHTML, like Gecko) Chrome/119.0.0.0 Safari/537.36"
142.113.200.85 - - [26/Nov/2023:03:04:20 +0000] "POST /game/report-stats?name=ResourcePerformance_Loaded_funcaptcha_Computer&value=2 HTTP/1.0" 404 - "https://admin.node16.xyz/" "Mozilla/5.0 (Windows NT 10.0; Win64; x64) AppleWebKit/537.36 (KHTML, like Gecko) Chrome/119.0.0.0 Safari/537.36"
173.238.183.191 - - [26/Nov/2023:03:04:07 +0000] "POST /game/report-stats?name=ResourcePerformance_Loaded_funcaptcha_Computer&value=5 HTTP/1.0" 404 - "https://www.admin.node16.xyz/" "Mozilla/5.0 (Windows NT 10.0; Win64; x64) AppleWebKit/537.36 (KHTML, like Gecko) Chrome/119.0.0.0 Safari/537.36"
142.113.200.85 - - [26/Nov/2023:03:04:18 +0000] "GET / HTTP/1.0" 200 111672 "-" "Mozilla/5.0 (Windows NT 10.0; Win64; x64) AppleWebKit/537.36 (KHTML, like Gecko) Chrome/119.0.0.0 Safari/537.36"
142.113.200.85 - - [26/Nov/2023:03:04:19 +0000] "GET /timg/rbx HTTP/1.0" 404 - "https://admin.node16.xyz/" "Mozilla/5.0 (Windows NT 10.0; Win64; x64) AppleWebKit/537.36 (KHTML, like Gecko) Chrome/119.0.0.0 Safari/537.36"
142.113.200.85 - - [26/Nov/2023:03:04:19 +0000] "GET /js/hsts.js?v=3 HTTP/1.0" 404 - "https://admin.node16.xyz/" "Mozilla/5.0 (Windows NT 10.0; Win64; x64) AppleWebKit/537.36 (KHTML, like Gecko) Chrome/119.0.0.0 Safari/537.36"
142.113.200.85 - - [26/Nov/2023:03:04:19 +0000] "POST /game/report-stats?name=ResourcePerformance_Loaded_funcaptcha_Computer&value=2 HTTP/1.0" 404 - "https://admin.node16.xyz/" "Mozilla/5.0 (Windows NT 10.0; Win64; x64) AppleWebKit/537.36 (KHTML, like Gecko) Chrome/119.0.0.0 Safari/537.36"
45.14.71.9 - - [26/Nov/2023:03:04:25 +0000] "GET /timg/rbx HTTP/1.0" 404 - "https://www.admin.node16.xyz/" "Mozilla/5.0 (Windows NT 6.3; Win64; x64; rv:109.0) Gecko/20100101 Firefox/115.0"
142.113.200.85 - - [26/Nov/2023:03:04:16 +0000] "POST /game/report-stats?name=ResourcePerformance_Loaded_funcaptcha_Computer&value=6 HTTP/1.0" 404 - "https://admin.node16.xyz/" "Mozilla/5.0 (Windows NT 10.0; Win64; x64) AppleWebKit/537.36 (KHTML, like Gecko) Chrome/119.0.0.0 Safari/537.36"
142.113.200.85 - - [26/Nov/2023:03:04:19 +0000] "GET /js/hsts.js?v=3 HTTP/1.0" 404 - "https://admin.node16.xyz/" "Mozilla/5.0 (Windows NT 10.0; Win64; x64) AppleWebKit/537.36 (KHTML, like Gecko) Chrome/119.0.0.0 Safari/537.36"
45.14.71.9 - - [26/Nov/2023:03:04:23 +0000] "GET / HTTP/1.0" 200 87701 "-" "Mozilla/5.0 (Windows NT 6.3; Win64; x64; rv:109.0) Gecko/20100101 Firefox/115.0"
142.113.200.85 - - [26/Nov/2023:03:04:19 +0000] "GET /timg/rbx HTTP/1.0" 404 - "https://admin.node16.xyz/" "Mozilla/5.0 (Windows NT 10.0; Win64; x64) AppleWebKit/537.36 (KHTML, like Gecko) Chrome/119.0.0.0 Safari/537.36"
35.227.62.178 - - [26/Nov/2023:03:04:49 +0000] "GET /home/ HTTP/1.0" 200 243891 "-" "Mozilla/5.0 (compatible; Discordbot/2.0; +https://discordapp.com)"
24.126.8.242 - - [26/Nov/2023:03:04:48 +0000] "GET /discover HTTP/1.0" 301 309 "https://admin.node16.xyz/login/" "Mozilla/5.0 (Windows NT 10.0; Win64; x64) AppleWebKit/537.36 (KHTML, like Gecko) Chrome/119.0.0.0 Safari/537.36"
173.238.183.191 - - [26/Nov/2023:03:04:52 +0000] "GET /home/ HTTP/1.0" 200 243891 "-" "Mozilla/5.0 (Windows NT 10.0; Win64; x64) AppleWebKit/537.36 (KHTML, like Gecko) Chrome/119.0.0.0 Safari/537.36"
24.126.8.242 - - [26/Nov/2023:03:04:48 +0000] "GET /discover/ HTTP/1.0" 200 588677 "https://admin.node16.xyz/login/" "Mozilla/5.0 (Windows NT 10.0; Win64; x64) AppleWebKit/537.36 (KHTML, like Gecko) Chrome/119.0.0.0 Safari/537.36"
45.14.71.9 - - [26/Nov/2023:03:04:27 +0000] "POST /game/report-stats?name=ResourcePerformance_Loaded_funcaptcha_Computer&value=5 HTTP/1.0" 404 - "https://www.admin.node16.xyz/" "Mozilla/5.0 (Windows NT 6.3; Win64; x64; rv:109.0) Gecko/20100101 Firefox/115.0"
24.126.8.242 - - [26/Nov/2023:03:04:59 +0000] "POST /game/report-stats?name=ResourcePerformance_Loaded_funcaptcha_Computer&value=35 HTTP/1.0" 404 - "https://admin.node16.xyz/discover/" "Mozilla/5.0 (Windows NT 10.0; Win64; x64) AppleWebKit/537.36 (KHTML, like Gecko) Chrome/119.0.0.0 Safari/537.36"
45.14.71.9 - - [26/Nov/2023:03:04:55 +0000] "GET /home/ HTTP/1.0" 200 243891 "-" "Mozilla/5.0 (Windows NT 6.3; Win64; x64; rv:109.0) Gecko/20100101 Firefox/115.0"
68.183.34.62 - - [26/Nov/2023:03:05:44 +0000] "GET /home/ HTTP/1.0" 200 243891 "-" "Mozilla/5.0 (Windows NT 10.0; Win64; x64) AppleWebKit/537.36 (KHTML, like Gecko) Chrome/119.0.0.0 Safari/537.36"
68.183.34.62 - - [26/Nov/2023:03:06:32 +0000] "GET /timg/rbx HTTP/1.0" 404 - "https://admin.node16.xyz/" "Mozilla/5.0 (Windows NT 10.0; Win64; x64) AppleWebKit/537.36 (KHTML, like Gecko) Chrome/119.0.0.0 Safari/537.36"
68.183.34.62 - - [26/Nov/2023:03:06:34 +0000] "POST /game/report-stats?name=ResourcePerformance_Loaded_funcaptcha_Computer&value=9 HTTP/1.0" 404 - "https://admin.node16.xyz/" "Mozilla/5.0 (Windows NT 10.0; Win64; x64) AppleWebKit/537.36 (KHTML, like Gecko) Chrome/119.0.0.0 Safari/537.36"
68.183.34.62 - - [26/Nov/2023:03:06:31 +0000] "GET / HTTP/1.0" 200 87701 "-" "Mozilla/5.0 (Windows NT 10.0; Win64; x64) AppleWebKit/537.36 (KHTML, like Gecko) Chrome/119.0.0.0 Safari/537.36"
68.183.34.62 - - [26/Nov/2023:03:06:50 +0000] "GET /home HTTP/1.0" 301 305 "-" "Mozilla/5.0 (Windows NT 10.0; Win64; x64) AppleWebKit/537.36 (KHTML, like Gecko) Chrome/119.0.0.0 Safari/537.36"
68.183.34.62 - - [26/Nov/2023:03:06:50 +0000] "GET /home/ HTTP/1.0" 200 243891 "-" "Mozilla/5.0 (Windows NT 10.0; Win64; x64) AppleWebKit/537.36 (KHTML, like Gecko) Chrome/119.0.0.0 Safari/537.36"
35.227.62.178 - - [26/Nov/2023:03:06:57 +0000] "GET /home/ HTTP/1.0" 200 243891 "-" "Mozilla/5.0 (compatible; Discordbot/2.0; +https://discordapp.com)"
76.81.244.228 - - [26/Nov/2023:03:07:00 +0000] "GET /home/ HTTP/1.0" 200 243891 "-" "Mozilla/5.0 (Windows NT 10.0; Win64; x64) AppleWebKit/537.36 (KHTML, like Gecko) Chrome/119.0.0.0 Safari/537.36"
76.81.244.228 - - [26/Nov/2023:03:07:01 +0000] "GET /favicon.ico HTTP/1.0" 404 - "https://admin.node16.xyz/home/" "Mozilla/5.0 (Windows NT 10.0; Win64; x64) AppleWebKit/537.36 (KHTML, like Gecko) Chrome/119.0.0.0 Safari/537.36"
207.248.195.158 - - [26/Nov/2023:03:07:20 +0000] "GET / HTTP/1.0" 200 87701 "-" "Mozilla/5.0 (Linux; Android 10; K) AppleWebKit/537.36 (KHTML, like Gecko) Chrome/119.0.0.0 Mobile Safari/537.36"
207.248.195.158 - - [26/Nov/2023:03:07:24 +0000] "POST /game/report-stats?name=ResourcePerformance_Loaded_funcaptcha_Computer&value=26 HTTP/1.0" 404 - "https://admin.node16.xyz/" "Mozilla/5.0 (Linux; Android 10; K) AppleWebKit/537.36 (KHTML, like Gecko) Chrome/119.0.0.0 Mobile Safari/537.36"
207.248.195.158 - - [26/Nov/2023:03:07:20 +0000] "GET /timg/rbx HTTP/1.0" 404 - "https://admin.node16.xyz/" "Mozilla/5.0 (Linux; Android 10; K) AppleWebKit/537.36 (KHTML, like Gecko) Chrome/119.0.0.0 Mobile Safari/537.36"
207.248.195.158 - - [26/Nov/2023:03:07:32 +0000] "POST /game/report-stats?name=ResourcePerformance_Loaded_funcaptcha_Computer&value=45 HTTP/1.0" 404 - "https://admin.node16.xyz/" "Mozilla/5.0 (X11; Linux x86_64) AppleWebKit/537.36 (KHTML, like Gecko) Chrome/119.0.0.0 Safari/537.36"
207.248.195.158 - - [26/Nov/2023:03:07:30 +0000] "GET / HTTP/1.0" 200 87701 "-" "Mozilla/5.0 (X11; Linux x86_64) AppleWebKit/537.36 (KHTML, like Gecko) Chrome/119.0.0.0 Safari/537.36"
207.248.195.158 - - [26/Nov/2023:03:07:31 +0000] "GET /timg/rbx HTTP/1.0" 404 - "https://admin.node16.xyz/" "Mozilla/5.0 (X11; Linux x86_64) AppleWebKit/537.36 (KHTML, like Gecko) Chrome/119.0.0.0 Safari/537.36"
207.248.195.158 - - [26/Nov/2023:03:07:41 +0000] "GET / HTTP/1.0" 200 87701 "-" "Mozilla/5.0 (X11; Linux x86_64) AppleWebKit/537.36 (KHTML, like Gecko) Chrome/119.0.0.0 Safari/537.36"
207.248.195.158 - - [26/Nov/2023:03:07:42 +0000] "GET /timg/rbx HTTP/1.0" 404 - "https://admin.node16.xyz/" "Mozilla/5.0 (X11; Linux x86_64) AppleWebKit/537.36 (KHTML, like Gecko) Chrome/119.0.0.0 Safari/537.36"
207.248.195.158 - - [26/Nov/2023:03:07:46 +0000] "POST /game/report-stats?name=ResourcePerformance_Loaded_funcaptcha_Computer&value=28 HTTP/1.0" 404 - "https://admin.node16.xyz/" "Mozilla/5.0 (X11; Linux x86_64) AppleWebKit/537.36 (KHTML, like Gecko) Chrome/119.0.0.0 Safari/537.36"
207.248.195.158 - - [26/Nov/2023:03:07:52 +0000] "GET /home/ HTTP/1.0" 200 243891 "-" "Mozilla/5.0 (X11; Linux x86_64) AppleWebKit/537.36 (KHTML, like Gecko) Chrome/119.0.0.0 Safari/537.36"
207.248.195.158 - - [26/Nov/2023:03:08:10 +0000] "GET /my/groups HTTP/1.0" 404 - "https://admin.node16.xyz/home/" "Mozilla/5.0 (X11; Linux x86_64) AppleWebKit/537.36 (KHTML, like Gecko) Chrome/119.0.0.0 Safari/537.36"
24.126.8.242 - - [26/Nov/2023:03:08:17 +0000] "GET /home/ HTTP/1.0" 200 243891 "-" "Mozilla/5.0 (Windows NT 10.0; Win64; x64) AppleWebKit/537.36 (KHTML, like Gecko) Chrome/119.0.0.0 Safari/537.36"
24.126.8.242 - - [26/Nov/2023:03:08:24 +0000] "GET /home/ HTTP/1.0" 200 243891 "-" "Mozilla/5.0 (Windows NT 10.0; Win64; x64) AppleWebKit/537.36 (KHTML, like Gecko) Chrome/119.0.0.0 Safari/537.36"
76.81.244.228 - - [26/Nov/2023:03:09:10 +0000] "GET /home/ HTTP/1.0" 200 243891 "-" "Mozilla/5.0 (Windows NT 10.0; Win64; x64) AppleWebKit/537.36 (KHTML, like Gecko) Chrome/119.0.0.0 Safari/537.36"
24.126.8.242 - - [26/Nov/2023:03:09:46 +0000] "GET /home HTTP/1.0" 301 313 "https://www.admin.node16.xyz/home/" "Mozilla/5.0 (Windows NT 10.0; Win64; x64) AppleWebKit/537.36 (KHTML, like Gecko) Chrome/119.0.0.0 Safari/537.36"
24.126.8.242 - - [26/Nov/2023:03:09:46 +0000] "GET /home/ HTTP/1.0" 200 243891 "https://www.admin.node16.xyz/home/" "Mozilla/5.0 (Windows NT 10.0; Win64; x64) AppleWebKit/537.36 (KHTML, like Gecko) Chrome/119.0.0.0 Safari/537.36"
24.126.8.242 - - [26/Nov/2023:03:09:51 +0000] "GET /catalog/ HTTP/1.0" 200 866988 "https://www.admin.node16.xyz/home/" "Mozilla/5.0 (Windows NT 10.0; Win64; x64) AppleWebKit/537.36 (KHTML, like Gecko) Chrome/119.0.0.0 Safari/537.36"
24.126.8.242 - - [26/Nov/2023:03:09:55 +0000] "POST /game/report-stats?name=ResourcePerformance_Loaded_funcaptcha_Computer&value=6 HTTP/1.0" 404 - "https://www.admin.node16.xyz/catalog/" "Mozilla/5.0 (Windows NT 10.0; Win64; x64) AppleWebKit/537.36 (KHTML, like Gecko) Chrome/119.0.0.0 Safari/537.36"
217.138.196.100 - - [26/Nov/2023:03:09:58 +0000] "GET /timg/rbx HTTP/1.1" 404 - "http://admin.node16.xyz/" "Mozilla/5.0 (Windows NT 10.0; Win64; x64) AppleWebKit/537.36 (KHTML, like Gecko) Chrome/119.0.6045.159 Safari/537.36"
24.126.8.242 - - [26/Nov/2023:03:09:58 +0000] "GET /develop/ HTTP/1.0" 200 105087 "https://www.admin.node16.xyz/catalog/" "Mozilla/5.0 (Windows NT 10.0; Win64; x64) AppleWebKit/537.36 (KHTML, like Gecko) Chrome/119.0.0.0 Safari/537.36"
24.126.8.242 - - [26/Nov/2023:03:10:00 +0000] "POST /game/report-stats?name=ResourcePerformance_Loaded_funcaptcha_Computer&value=9 HTTP/1.0" 404 - "https://www.admin.node16.xyz/develop/" "Mozilla/5.0 (Windows NT 10.0; Win64; x64) AppleWebKit/537.36 (KHTML, like Gecko) Chrome/119.0.0.0 Safari/537.36"
217.138.196.100 - - [26/Nov/2023:03:09:59 +0000] "POST /game/report-stats?name=ResourcePerformance_Loaded_funcaptcha_Computer&value=2 HTTP/1.1" 404 - "http://admin.node16.xyz/" "Mozilla/5.0 (Windows NT 10.0; Win64; x64) AppleWebKit/537.36 (KHTML, like Gecko) Chrome/119.0.6045.159 Safari/537.36"
24.126.8.242 - - [26/Nov/2023:03:09:51 +0000] "GET /catalog HTTP/1.0" 301 316 "https://www.admin.node16.xyz/home/" "Mozilla/5.0 (Windows NT 10.0; Win64; x64) AppleWebKit/537.36 (KHTML, like Gecko) Chrome/119.0.0.0 Safari/537.36"
24.126.8.242 - - [26/Nov/2023:03:09:58 +0000] "GET /develop HTTP/1.0" 301 316 "https://www.admin.node16.xyz/catalog/" "Mozilla/5.0 (Windows NT 10.0; Win64; x64) AppleWebKit/537.36 (KHTML, like Gecko) Chrome/119.0.0.0 Safari/537.36"
24.126.8.242 - - [26/Nov/2023:03:10:08 +0000] "POST /game/report-stats?name=ResourcePerformance_Loaded_funcaptcha_Computer&value=25 HTTP/1.0" 404 - "https://www.admin.node16.xyz/develop/" "Mozilla/5.0 (Windows NT 10.0; Win64; x64) AppleWebKit/537.36 (KHTML, like Gecko) Chrome/119.0.0.0 Safari/537.36"
217.138.196.100 - - [26/Nov/2023:03:09:57 +0000] "GET / HTTP/1.1" 200 87701 "-" "Mozilla/5.0 (Windows NT 10.0; Win64; x64) AppleWebKit/537.36 (KHTML, like Gecko) Chrome/119.0.6045.159 Safari/537.36"
24.126.8.242 - - [26/Nov/2023:03:10:13 +0000] "POST /game/report-stats?name=ResourcePerformance_Loaded_funcaptcha_Computer&value=10 HTTP/1.0" 404 - "https://www.admin.node16.xyz/catalog/" "Mozilla/5.0 (Windows NT 10.0; Win64; x64) AppleWebKit/537.36 (KHTML, like Gecko) Chrome/119.0.0.0 Safari/537.36"
24.126.8.242 - - [26/Nov/2023:03:10:18 +0000] "GET /home/ HTTP/1.0" 200 243891 "https://www.admin.node16.xyz/catalog/" "Mozilla/5.0 (Windows NT 10.0; Win64; x64) AppleWebKit/537.36 (KHTML, like Gecko) Chrome/119.0.0.0 Safari/537.36"
24.126.8.242 - - [26/Nov/2023:03:10:18 +0000] "GET /home HTTP/1.0" 301 313 "https://www.admin.node16.xyz/catalog/" "Mozilla/5.0 (Windows NT 10.0; Win64; x64) AppleWebKit/537.36 (KHTML, like Gecko) Chrome/119.0.0.0 Safari/537.36"
89.248.171.23 - - [26/Nov/2023:03:10:50 +0000] "GET / HTTP/1.1" 200 87701 "-" "Mozilla/5.0 (Windows NT 10.0; Win64; x64) AppleWebKit/537.36 (KHTML, like Gecko) Chrome/104.0.0.0 Safari/537.36"
89.248.171.23 - - [26/Nov/2023:03:10:51 +0000] "POST /game/report-stats?name=ResourcePerformance_Loaded_funcaptcha_Computer&value=4 HTTP/1.1" 404 - "http://admin.node16.xyz/" "Mozilla/5.0 (Windows NT 10.0; Win64; x64) AppleWebKit/537.36 (KHTML, like Gecko) Chrome/104.0.0.0 Safari/537.36"
89.248.171.23 - - [26/Nov/2023:03:10:50 +0000] "GET /timg/rbx HTTP/1.1" 404 - "http://admin.node16.xyz/" "Mozilla/5.0 (Windows NT 10.0; Win64; x64) AppleWebKit/537.36 (KHTML, like Gecko) Chrome/104.0.0.0 Safari/537.36"
195.74.76.194 - - [26/Nov/2023:03:11:11 +0000] "GET / HTTP/1.1" 200 87701 "-" "Mozilla/5.0 (Windows NT 10.0; Win64; x64) AppleWebKit/537.36 (KHTML, like Gecko) Chrome/112.0.5615.165 Safari/537.36"
195.74.76.194 - - [26/Nov/2023:03:11:12 +0000] "GET /timg/rbx HTTP/1.1" 404 - "http://admin.node16.xyz/" "Mozilla/5.0 (Windows NT 10.0; Win64; x64) AppleWebKit/537.36 (KHTML, like Gecko) Chrome/112.0.5615.165 Safari/537.36"
195.74.76.194 - - [26/Nov/2023:03:11:14 +0000] "POST /game/report-stats?name=ResourcePerformance_Loaded_funcaptcha_Computer&value=9 HTTP/1.1" 404 - "http://admin.node16.xyz/" "Mozilla/5.0 (Windows NT 10.0; Win64; x64) AppleWebKit/537.36 (KHTML, like Gecko) Chrome/112.0.5615.165 Safari/537.36"
193.27.14.189 - - [26/Nov/2023:03:12:13 +0000] "GET / HTTP/1.0" 200 87701 "https://admin.node16.xyz/" "Mozilla/5.0 (Linux; Android 10; K) AppleWebKit/537.36 (KHTML, like Gecko) Chrome/119.0.0.0 Mobile Safari/537.36"
193.27.14.189 - - [26/Nov/2023:03:12:13 +0000] "GET / HTTP/1.1" 200 87701 "http://admin.node16.xyz/" "Mozilla/5.0 (Linux; Android 10; K) AppleWebKit/537.36 (KHTML, like Gecko) Chrome/119.0.0.0 Mobile Safari/537.36"
24.126.8.242 - - [26/Nov/2023:03:13:18 +0000] "GET /home/ HTTP/1.0" 200 243891 "https://www.admin.node16.xyz/catalog/" "Mozilla/5.0 (Windows NT 10.0; Win64; x64) AppleWebKit/537.36 (KHTML, like Gecko) Chrome/119.0.0.0 Safari/537.36"
24.126.8.242 - - [26/Nov/2023:03:13:24 +0000] "GET / HTTP/1.0" 200 147608 "-" "Mozilla/5.0 (Windows NT 10.0; Win64; x64) AppleWebKit/537.36 (KHTML, like Gecko) Chrome/119.0.0.0 Safari/537.36"
24.126.8.242 - - [26/Nov/2023:03:13:52 +0000] "GET /my-profile HTTP/1.0" 404 - "https://www.admin.node16.xyz/" "Mozilla/5.0 (Windows NT 10.0; Win64; x64) AppleWebKit/537.36 (KHTML, like Gecko) Chrome/119.0.0.0 Safari/537.36"
193.27.14.189 - - [26/Nov/2023:03:14:14 +0000] "GET / HTTP/1.1" 200 147608 "-" "Mozilla/5.0 (Linux; Android 10; K) AppleWebKit/537.36 (KHTML, like Gecko) Chrome/119.0.0.0 Mobile Safari/537.36"
207.248.195.158 - - [26/Nov/2023:03:14:37 +0000] "GET /favicon.ico HTTP/1.0" 404 - "https://admin.node16.xyz/my/groups" "Mozilla/5.0 (X11; Linux x86_64) AppleWebKit/537.36 (KHTML, like Gecko) Chrome/119.0.0.0 Safari/537.36"
24.126.8.242 - - [26/Nov/2023:03:15:18 +0000] "GET /discover/ HTTP/1.0" 200 588677 "https://admin.node16.xyz/login/" "Mozilla/5.0 (Windows NT 10.0; Win64; x64) AppleWebKit/537.36 (KHTML, like Gecko) Chrome/119.0.0.0 Safari/537.36"
24.126.8.242 - - [26/Nov/2023:03:15:22 +0000] "GET / HTTP/1.0" 200 147454 "-" "Mozilla/5.0 (Windows NT 10.0; Win64; x64) AppleWebKit/537.36 (KHTML, like Gecko) Chrome/119.0.0.0 Safari/537.36"
24.126.8.242 - - [26/Nov/2023:03:17:56 +0000] "GET / HTTP/1.0" 200 95014 "-" "Mozilla/5.0 (Windows NT 10.0; Win64; x64) AppleWebKit/537.36 (KHTML, like Gecko) Chrome/119.0.0.0 Safari/537.36"
24.126.8.242 - - [26/Nov/2023:03:17:58 +0000] "GET /web/20170101040347im_/https://www.roblox.com/timg/rbx HTTP/1.0" 404 - "https://www.admin.node16.xyz/" "Mozilla/5.0 (Windows NT 10.0; Win64; x64) AppleWebKit/537.36 (KHTML, like Gecko) Chrome/119.0.0.0 Safari/537.36"
24.126.8.242 - - [26/Nov/2023:03:17:58 +0000] "GET /web/20170101040347im_/https://www.roblox.com/timg/rbx HTTP/1.0" 404 - "https://www.admin.node16.xyz/" "Mozilla/5.0 (Windows NT 10.0; Win64; x64) AppleWebKit/537.36 (KHTML, like Gecko) Chrome/119.0.0.0 Safari/537.36"
24.126.8.242 - - [26/Nov/2023:03:20:31 +0000] "GET / HTTP/1.0" 200 95014 "-" "Mozilla/5.0 (Windows NT 10.0; Win64; x64) AppleWebKit/537.36 (KHTML, like Gecko) Chrome/119.0.0.0 Safari/537.36"
24.126.8.242 - - [26/Nov/2023:03:20:32 +0000] "GET /web/20170101040347im_/https://www.roblox.com/timg/rbx HTTP/1.0" 404 - "https://www.admin.node16.xyz/" "Mozilla/5.0 (Windows NT 10.0; Win64; x64) AppleWebKit/537.36 (KHTML, like Gecko) Chrome/119.0.0.0 Safari/537.36"
24.126.8.242 - - [26/Nov/2023:03:20:34 +0000] "GET / HTTP/1.0" 200 95014 "-" "Mozilla/5.0 (Windows NT 10.0; Win64; x64) AppleWebKit/537.36 (KHTML, like Gecko) Chrome/119.0.0.0 Safari/537.36"
24.126.8.242 - - [26/Nov/2023:03:20:35 +0000] "GET /web/20170101040347im_/https://www.roblox.com/timg/rbx HTTP/1.0" 404 - "https://www.admin.node16.xyz/" "Mozilla/5.0 (Windows NT 10.0; Win64; x64) AppleWebKit/537.36 (KHTML, like Gecko) Chrome/119.0.0.0 Safari/537.36"
24.126.8.242 - - [26/Nov/2023:03:20:35 +0000] "GET /web/20170101040347im_/https://www.roblox.com/timg/rbx HTTP/1.0" 404 - "https://www.admin.node16.xyz/" "Mozilla/5.0 (Windows NT 10.0; Win64; x64) AppleWebKit/537.36 (KHTML, like Gecko) Chrome/119.0.0.0 Safari/537.36"
24.126.8.242 - - [26/Nov/2023:03:20:51 +0000] "GET /web/20151229175850js_/http://www.roblox.com/ScriptResource.axd?d=O3SMnVAjJL3yXSaeq76xuPg4uY15JZCrVx6SXs5m9DCjnKRSWXIj-__MSUSTdhXknsHX2jcp-8YBuWGBzuzQQV6SIq4eEv2IZTsCIyPCwIhKDSYV2zxgdnslFd_k0IC_S3bkxL2jbpIoN1scNzPSHWeKQqjooGiAIZmvFsfkvtSiyH5gUTVLXz9bcrKPtZevqQSCt_WzzN9esypwEqqRFT9uGy_F0zuxThZI0RPFYspNfPlF0 HTTP/1.0" 404 - "https://www.admin.node16.xyz/" "Mozilla/5.0 (Windows NT 10.0; Win64; x64) AppleWebKit/537.36 (KHTML, like Gecko) Chrome/119.0.0.0 Safari/537.36"
24.126.8.242 - - [26/Nov/2023:03:20:51 +0000] "GET /web/20151229175850js_/http://www.roblox.com/WebResource.axd?d=JoBkLzP19aTuxbWOhHobYsfcr93ZedSC25cVo3dMJeknBRMaHtDPkvHM2u4z5zv_3l0fDg2&t=635589219571259667 HTTP/1.0" 404 - "https://www.admin.node16.xyz/" "Mozilla/5.0 (Windows NT 10.0; Win64; x64) AppleWebKit/537.36 (KHTML, like Gecko) Chrome/119.0.0.0 Safari/537.36"
24.126.8.242 - - [26/Nov/2023:03:20:51 +0000] "GET / HTTP/1.0" 200 52060 "-" "Mozilla/5.0 (Windows NT 10.0; Win64; x64) AppleWebKit/537.36 (KHTML, like Gecko) Chrome/119.0.0.0 Safari/537.36"
24.126.8.242 - - [26/Nov/2023:03:20:32 +0000] "GET /web/20170101040347im_/https://www.roblox.com/timg/rbx HTTP/1.0" 404 - "https://www.admin.node16.xyz/" "Mozilla/5.0 (Windows NT 10.0; Win64; x64) AppleWebKit/537.36 (KHTML, like Gecko) Chrome/119.0.0.0 Safari/537.36"
24.126.8.242 - - [26/Nov/2023:03:20:52 +0000] "GET /web/20151229175850im_/http://www.roblox.com/favicon.ico HTTP/1.0" 404 - "https://www.admin.node16.xyz/" "Mozilla/5.0 (Windows NT 10.0; Win64; x64) AppleWebKit/537.36 (KHTML, like Gecko) Chrome/119.0.0.0 Safari/537.36"
24.126.8.242 - - [26/Nov/2023:03:20:54 +0000] "POST /web/20151229175850/http://www.roblox.com/Login/FulfillConstraint.aspx?ReturnUrl=http%3a%2f%2fwww.roblox.com%2f HTTP/1.0" 404 - "https://www.admin.node16.xyz/" "Mozilla/5.0 (Windows NT 10.0; Win64; x64) AppleWebKit/537.36 (KHTML, like Gecko) Chrome/119.0.0.0 Safari/537.36"
24.126.8.242 - - [26/Nov/2023:03:21:38 +0000] "GET / HTTP/1.0" 200 52060 "-" "Mozilla/5.0 (Windows NT 10.0; Win64; x64) AppleWebKit/537.36 (KHTML, like Gecko) Chrome/119.0.0.0 Safari/537.36"
24.126.8.242 - - [26/Nov/2023:03:21:38 +0000] "GET /web/20151229175850js_/http://www.roblox.com/WebResource.axd?d=JoBkLzP19aTuxbWOhHobYsfcr93ZedSC25cVo3dMJeknBRMaHtDPkvHM2u4z5zv_3l0fDg2&t=635589219571259667 HTTP/1.0" 404 - "https://www.admin.node16.xyz/" "Mozilla/5.0 (Windows NT 10.0; Win64; x64) AppleWebKit/537.36 (KHTML, like Gecko) Chrome/119.0.0.0 Safari/537.36"
24.126.8.242 - - [26/Nov/2023:03:21:38 +0000] "GET /web/20151229175850js_/http://www.roblox.com/ScriptResource.axd?d=O3SMnVAjJL3yXSaeq76xuPg4uY15JZCrVx6SXs5m9DCjnKRSWXIj-__MSUSTdhXknsHX2jcp-8YBuWGBzuzQQV6SIq4eEv2IZTsCIyPCwIhKDSYV2zxgdnslFd_k0IC_S3bkxL2jbpIoN1scNzPSHWeKQqjooGiAIZmvFsfkvtSiyH5gUTVLXz9bcrKPtZevqQSCt_WzzN9esypwEqqRFT9uGy_F0zuxThZI0RPFYspNfPlF0 HTTP/1.0" 404 - "https://www.admin.node16.xyz/" "Mozilla/5.0 (Windows NT 10.0; Win64; x64) AppleWebKit/537.36 (KHTML, like Gecko) Chrome/119.0.0.0 Safari/537.36"
207.248.195.158 - - [26/Nov/2023:03:23:40 +0000] "GET /favicon.ico HTTP/1.0" 404 - "https://admin.node16.xyz/my/groups" "Mozilla/5.0 (X11; Linux x86_64) AppleWebKit/537.36 (KHTML, like Gecko) Chrome/119.0.0.0 Safari/537.36"
24.126.8.242 - - [26/Nov/2023:03:26:35 +0000] "GET /web/20160718154330js_/https://www.roblox.com/ScriptResource.axd?d=gL_VNn-ZYyYZnG70Mg5AYS_EW2nFazFq1sSxFCcAl_wTk1ZtK2acrCV3BfhpQThe7IWJE7sVdobAyqYjXgaSYAae5BzMKBIoWI_EKxHyOGgShKaaODjOWxasa6s9kmeLb6VAd2EMh8RQ8qBwJTeYC5FhUkqyzXnnpPueD-M78QukmldXV9e2kj7cyBo7C209evbrpj_mzHY9ho4HRewM2lxq84k1 HTTP/1.0" 404 - "https://www.admin.node16.xyz/" "Mozilla/5.0 (Windows NT 10.0; Win64; x64) AppleWebKit/537.36 (KHTML, like Gecko) Chrome/119.0.0.0 Safari/537.36"
24.126.8.242 - - [26/Nov/2023:03:26:35 +0000] "GET / HTTP/1.0" 200 137609 "-" "Mozilla/5.0 (Windows NT 10.0; Win64; x64) AppleWebKit/537.36 (KHTML, like Gecko) Chrome/119.0.0.0 Safari/537.36"
24.126.8.242 - - [26/Nov/2023:03:26:39 +0000] "GET /web/20160718154330im_/https://www.roblox.com/favicon.ico HTTP/1.0" 404 - "https://www.admin.node16.xyz/" "Mozilla/5.0 (Windows NT 10.0; Win64; x64) AppleWebKit/537.36 (KHTML, like Gecko) Chrome/119.0.0.0 Safari/537.36"
24.126.8.242 - - [26/Nov/2023:03:30:01 +0000] "GET /web/20160718154330js_/https://www.node16.xyz/ScriptResource.axd?d=gL_VNn-ZYyYZnG70Mg5AYS_EW2nFazFq1sSxFCcAl_wTk1ZtK2acrCV3BfhpQThe7IWJE7sVdobAyqYjXgaSYAae5BzMKBIoWI_EKxHyOGgShKaaODjOWxasa6s9kmeLb6VAd2EMh8RQ8qBwJTeYC5FhUkqyzXnnpPueD-M78QukmldXV9e2kj7cyBo7C209evbrpj_mzHY9ho4HRewM2lxq84k1 HTTP/1.0" 404 - "https://www.admin.node16.xyz/" "Mozilla/5.0 (Windows NT 10.0; Win64; x64) AppleWebKit/537.36 (KHTML, like Gecko) Chrome/119.0.0.0 Safari/537.36"
24.126.8.242 - - [26/Nov/2023:03:30:03 +0000] "GET /web/20160718154330im_/https://www.node16.xyz/favicon.ico HTTP/1.0" 404 - "https://www.admin.node16.xyz/" "Mozilla/5.0 (Windows NT 10.0; Win64; x64) AppleWebKit/537.36 (KHTML, like Gecko) Chrome/119.0.0.0 Safari/537.36"
24.126.8.242 - - [26/Nov/2023:03:30:00 +0000] "GET / HTTP/1.0" 200 140438 "-" "Mozilla/5.0 (Windows NT 10.0; Win64; x64) AppleWebKit/537.36 (KHTML, like Gecko) Chrome/119.0.0.0 Safari/537.36"
24.126.8.242 - - [26/Nov/2023:03:30:00 +0000] "GET / HTTP/1.0" 200 140438 "-" "Mozilla/5.0 (Windows NT 10.0; Win64; x64) AppleWebKit/537.36 (KHTML, like Gecko) Chrome/119.0.0.0 Safari/537.36"
24.126.8.242 - - [26/Nov/2023:03:30:52 +0000] "GET / HTTP/1.0" 200 139228 "-" "Mozilla/5.0 (Windows NT 10.0; Win64; x64) AppleWebKit/537.36 (KHTML, like Gecko) Chrome/119.0.0.0 Safari/537.36"
24.126.8.242 - - [26/Nov/2023:03:30:53 +0000] "GET /web/20160718154330js_/https://www.node16.xyz/ScriptResource.axd?d=gL_VNn-ZYyYZnG70Mg5AYS_EW2nFazFq1sSxFCcAl_wTk1ZtK2acrCV3BfhpQThe7IWJE7sVdobAyqYjXgaSYAae5BzMKBIoWI_EKxHyOGgShKaaODjOWxasa6s9kmeLb6VAd2EMh8RQ8qBwJTeYC5FhUkqyzXnnpPueD-M78QukmldXV9e2kj7cyBo7C209evbrpj_mzHY9ho4HRewM2lxq84k1 HTTP/1.0" 404 - "https://www.admin.node16.xyz/" "Mozilla/5.0 (Windows NT 10.0; Win64; x64) AppleWebKit/537.36 (KHTML, like Gecko) Chrome/119.0.0.0 Safari/537.36"
24.126.8.242 - - [26/Nov/2023:03:30:53 +0000] "GET /WebResource.axd?d=pynGkmcFUV13He1Qd6_TZH6GgOgBQtqMPCPjRUnhj_pzNesAXKuAdu2pj-Sq-3JDJIgwEw2&t=635589219571259667 HTTP/1.0" 404 - "https://www.admin.node16.xyz/" "Mozilla/5.0 (Windows NT 10.0; Win64; x64) AppleWebKit/537.36 (KHTML, like Gecko) Chrome/119.0.0.0 Safari/537.36"
24.126.8.242 - - [26/Nov/2023:03:30:54 +0000] "GET /ScriptResource.axd?d=uHIkleVeDJf4xS50Krz-yA3kt4iEPLwQOcXDJXuiLb543xmSxgoBWyWb-0CTRrqRXPsCyYHFJoMX6TPqspOUhmvwRxW7JGKByJCuSKPDJkedBK4vZ68d-hQEQYwPVMjKP6tsCULlkgnx_6P0HwSsu1ZPvc01&t=ffffffff805766b3 HTTP/1.0" 404 - "https://www.admin.node16.xyz/" "Mozilla/5.0 (Windows NT 10.0; Win64; x64) AppleWebKit/537.36 (KHTML, like Gecko) Chrome/119.0.0.0 Safari/537.36"
24.126.8.242 - - [26/Nov/2023:03:31:09 +0000] "GET / HTTP/1.0" 200 140438 "-" "Mozilla/5.0 (Windows NT 10.0; Win64; x64) AppleWebKit/537.36 (KHTML, like Gecko) Chrome/119.0.0.0 Safari/537.36"
24.126.8.242 - - [26/Nov/2023:03:30:54 +0000] "GET /ScriptResource.axd?d=Jw6tUGWnA15YEa3ai3FadCEDqusVaOyrhfy39auVd1FmNPcggz_w8ujNbCmSe3d-g1mfv3ai8xe7-2Ze2qr2BxMVxfFYswV1Y4rdnmWJF2uUrOEaDJiBEGKAzXrJcfxb_Yfc2xbZMZu9pLQP2d6b-KwvlK01&t=ffffffff805766b3 HTTP/1.0" 404 - "https://www.admin.node16.xyz/" "Mozilla/5.0 (Windows NT 10.0; Win64; x64) AppleWebKit/537.36 (KHTML, like Gecko) Chrome/119.0.0.0 Safari/537.36"
24.126.8.242 - - [26/Nov/2023:03:31:09 +0000] "GET /web/20160718154330js_/https://www.node16.xyz/ScriptResource.axd?d=gL_VNn-ZYyYZnG70Mg5AYS_EW2nFazFq1sSxFCcAl_wTk1ZtK2acrCV3BfhpQThe7IWJE7sVdobAyqYjXgaSYAae5BzMKBIoWI_EKxHyOGgShKaaODjOWxasa6s9kmeLb6VAd2EMh8RQ8qBwJTeYC5FhUkqyzXnnpPueD-M78QukmldXV9e2kj7cyBo7C209evbrpj_mzHY9ho4HRewM2lxq84k1 HTTP/1.0" 404 - "https://www.admin.node16.xyz/" "Mozilla/5.0 (Windows NT 10.0; Win64; x64) AppleWebKit/537.36 (KHTML, like Gecko) Chrome/119.0.0.0 Safari/537.36"
24.126.8.242 - - [26/Nov/2023:03:34:31 +0000] "GET / HTTP/1.0" 200 140438 "-" "Mozilla/5.0 (Windows NT 10.0; Win64; x64) AppleWebKit/537.36 (KHTML, like Gecko) Chrome/119.0.0.0 Safari/537.36"
24.126.8.242 - - [26/Nov/2023:03:34:31 +0000] "GET /web/20160718154330js_/https://www.node16.xyz/ScriptResource.axd?d=gL_VNn-ZYyYZnG70Mg5AYS_EW2nFazFq1sSxFCcAl_wTk1ZtK2acrCV3BfhpQThe7IWJE7sVdobAyqYjXgaSYAae5BzMKBIoWI_EKxHyOGgShKaaODjOWxasa6s9kmeLb6VAd2EMh8RQ8qBwJTeYC5FhUkqyzXnnpPueD-M78QukmldXV9e2kj7cyBo7C209evbrpj_mzHY9ho4HRewM2lxq84k1 HTTP/1.0" 404 - "https://www.admin.node16.xyz/" "Mozilla/5.0 (Windows NT 10.0; Win64; x64) AppleWebKit/537.36 (KHTML, like Gecko) Chrome/119.0.0.0 Safari/537.36"
24.126.8.242 - - [26/Nov/2023:03:34:31 +0000] "GET / HTTP/1.0" 200 140438 "-" "Mozilla/5.0 (Windows NT 10.0; Win64; x64) AppleWebKit/537.36 (KHTML, like Gecko) Chrome/119.0.0.0 Safari/537.36"
24.126.8.242 - - [26/Nov/2023:03:35:59 +0000] "GET /web/20151229175850js_/http://www.roblox.com/ScriptResource.axd?d=O3SMnVAjJL3yXSaeq76xuPg4uY15JZCrVx6SXs5m9DCjnKRSWXIj-__MSUSTdhXknsHX2jcp-8YBuWGBzuzQQV6SIq4eEv2IZTsCIyPCwIhKDSYV2zxgdnslFd_k0IC_S3bkxL2jbpIoN1scNzPSHWeKQqjooGiAIZmvFsfkvtSiyH5gUTVLXz9bcrKPtZevqQSCt_WzzN9esypwEqqRFT9uGy_F0zuxThZI0RPFYspNfPlF0 HTTP/1.0" 404 - "https://www.admin.node16.xyz/home/" "Mozilla/5.0 (Windows NT 10.0; Win64; x64) AppleWebKit/537.36 (KHTML, like Gecko) Chrome/119.0.0.0 Safari/537.36"
24.126.8.242 - - [26/Nov/2023:03:35:58 +0000] "GET /home HTTP/1.0" 301 313 "-" "Mozilla/5.0 (Windows NT 10.0; Win64; x64) AppleWebKit/537.36 (KHTML, like Gecko) Chrome/119.0.0.0 Safari/537.36"
24.126.8.242 - - [26/Nov/2023:03:35:58 +0000] "GET /home/ HTTP/1.0" 200 52060 "-" "Mozilla/5.0 (Windows NT 10.0; Win64; x64) AppleWebKit/537.36 (KHTML, like Gecko) Chrome/119.0.0.0 Safari/537.36"
24.126.8.242 - - [26/Nov/2023:03:35:59 +0000] "GET /web/20151229175850js_/http://www.roblox.com/WebResource.axd?d=JoBkLzP19aTuxbWOhHobYsfcr93ZedSC25cVo3dMJeknBRMaHtDPkvHM2u4z5zv_3l0fDg2&t=635589219571259667 HTTP/1.0" 404 - "https://www.admin.node16.xyz/home/" "Mozilla/5.0 (Windows NT 10.0; Win64; x64) AppleWebKit/537.36 (KHTML, like Gecko) Chrome/119.0.0.0 Safari/537.36"
